../Drivers/STM32F4xx_HAL_Driver/Src/stm32f4xx_hal_dcmi.c:177:26:HAL_DCMI_Init	16	static
../Drivers/STM32F4xx_HAL_Driver/Src/stm32f4xx_hal_dcmi.c:262:19:HAL_DCMI_DeInit	16	static
../Drivers/STM32F4xx_HAL_Driver/Src/stm32f4xx_hal_dcmi.c:294:13:HAL_DCMI_MspInit	16	static
../Drivers/STM32F4xx_HAL_Driver/Src/stm32f4xx_hal_dcmi.c:309:13:HAL_DCMI_MspDeInit	16	static
../Drivers/STM32F4xx_HAL_Driver/Src/stm32f4xx_hal_dcmi.c:347:19:HAL_DCMI_Start_DMA	40	static
../Drivers/STM32F4xx_HAL_Driver/Src/stm32f4xx_hal_dcmi.c:430:19:HAL_DCMI_Stop	24	static
../Drivers/STM32F4xx_HAL_Driver/Src/stm32f4xx_hal_dcmi.c:483:19:HAL_DCMI_Suspend	24	static
../Drivers/STM32F4xx_HAL_Driver/Src/stm32f4xx_hal_dcmi.c:529:19:HAL_DCMI_Resume	16	static
../Drivers/STM32F4xx_HAL_Driver/Src/stm32f4xx_hal_dcmi.c:555:6:HAL_DCMI_IRQHandler	24	static
../Drivers/STM32F4xx_HAL_Driver/Src/stm32f4xx_hal_dcmi.c:652:13:HAL_DCMI_ErrorCallback	16	static
../Drivers/STM32F4xx_HAL_Driver/Src/stm32f4xx_hal_dcmi.c:667:13:HAL_DCMI_LineEventCallback	16	static
../Drivers/STM32F4xx_HAL_Driver/Src/stm32f4xx_hal_dcmi.c:682:13:HAL_DCMI_VsyncEventCallback	16	static
../Drivers/STM32F4xx_HAL_Driver/Src/stm32f4xx_hal_dcmi.c:697:13:HAL_DCMI_FrameEventCallback	16	static
../Drivers/STM32F4xx_HAL_Driver/Src/stm32f4xx_hal_dcmi.c:735:19:HAL_DCMI_ConfigCrop	24	static
../Drivers/STM32F4xx_HAL_Driver/Src/stm32f4xx_hal_dcmi.c:768:19:HAL_DCMI_DisableCrop	16	static
../Drivers/STM32F4xx_HAL_Driver/Src/stm32f4xx_hal_dcmi.c:794:19:HAL_DCMI_EnableCrop	16	static
../Drivers/STM32F4xx_HAL_Driver/Src/stm32f4xx_hal_dcmi.c:822:20:HAL_DCMI_ConfigSyncUnmask	16	static
../Drivers/STM32F4xx_HAL_Driver/Src/stm32f4xx_hal_dcmi.c:871:23:HAL_DCMI_GetState	16	static
../Drivers/STM32F4xx_HAL_Driver/Src/stm32f4xx_hal_dcmi.c:882:10:HAL_DCMI_GetError	16	static
../Drivers/STM32F4xx_HAL_Driver/Src/stm32f4xx_hal_dcmi.c:1067:13:DCMI_DMAXferCplt	24	static
../Drivers/STM32F4xx_HAL_Driver/Src/stm32f4xx_hal_dcmi.c:1124:13:DCMI_DMAError	24	static
