../LWIP/Target/ethernetif.c:146:13:low_level_init	24	static
../LWIP/Target/ethernetif.c:246:14:low_level_output	80	static
../LWIP/Target/ethernetif.c:293:22:low_level_input	24	static
../LWIP/Target/ethernetif.c:314:6:ethernetif_input	24	static
../LWIP/Target/ethernetif.c:364:7:ethernetif_init	16	static
../LWIP/Target/ethernetif.c:415:6:pbuf_free_custom	24	static
../LWIP/Target/ethernetif.c:438:7:sys_now	8	static
../LWIP/Target/ethernetif.c:445:6:HAL_ETH_MspInit	64	static
../LWIP/Target/ethernetif.c:504:6:HAL_ETH_MspDeInit	16	static
../LWIP/Target/ethernetif.c:545:9:ETH_PHY_IO_Init	8	static
../LWIP/Target/ethernetif.c:562:9:ETH_PHY_IO_DeInit	4	static
../LWIP/Target/ethernetif.c:574:9:ETH_PHY_IO_ReadReg	24	static
../LWIP/Target/ethernetif.c:591:9:ETH_PHY_IO_WriteReg	24	static
../LWIP/Target/ethernetif.c:605:9:ETH_PHY_IO_GetTick	8	static
../LWIP/Target/ethernetif.c:615:6:ethernet_link_check_state	136	static
../LWIP/Target/ethernetif.c:672:6:HAL_ETH_RxAllocateCallback	32	static
../LWIP/Target/ethernetif.c:695:6:HAL_ETH_RxLinkCallback	40	static
../LWIP/Target/ethernetif.c:732:6:HAL_ETH_TxFreeCallback	16	static
