../Core/Src/STM32_ILI9341_FSMC_16_Bit/ili9341.c:55:6:lcdInit	24	static
../Core/Src/STM32_ILI9341_FSMC_16_Bit/ili9341.c:217:6:lcdTest	24	static
../Core/Src/STM32_ILI9341_FSMC_16_Bit/ili9341.c:239:6:lcdFillRGB	24	static
../Core/Src/STM32_ILI9341_FSMC_16_Bit/ili9341.c:258:6:lcdDrawPixel	16	static
../Core/Src/STM32_ILI9341_FSMC_16_Bit/ili9341.c:268:6:lcdDrawHLine	32	static
../Core/Src/STM32_ILI9341_FSMC_16_Bit/ili9341.c:297:6:lcdDrawVLine	32	static
../Core/Src/STM32_ILI9341_FSMC_16_Bit/ili9341.c:338:6:lcdDrawLine	48	static
../Core/Src/STM32_ILI9341_FSMC_16_Bit/ili9341.c:401:6:lcdDrawRect	24	static
../Core/Src/STM32_ILI9341_FSMC_16_Bit/ili9341.c:421:6:lcdDrawRoundRect	32	static
../Core/Src/STM32_ILI9341_FSMC_16_Bit/ili9341.c:447:6:lcdDrawCircleHelper	40	static
../Core/Src/STM32_ILI9341_FSMC_16_Bit/ili9341.c:499:6:lcdDrawCircle	40	static
../Core/Src/STM32_ILI9341_FSMC_16_Bit/ili9341.c:547:6:lcdDrawTriangle	32	static
../Core/Src/STM32_ILI9341_FSMC_16_Bit/ili9341.c:564:6:lcdFillCircle	32	static
../Core/Src/STM32_ILI9341_FSMC_16_Bit/ili9341.c:582:6:lcdFillCircleHelper	40	static
../Core/Src/STM32_ILI9341_FSMC_16_Bit/ili9341.c:626:6:lcdFillRect	32	static
../Core/Src/STM32_ILI9341_FSMC_16_Bit/ili9341.c:651:6:lcdFillRoundRect	32	static
../Core/Src/STM32_ILI9341_FSMC_16_Bit/ili9341.c:674:6:lcdFillTriangle	72	static
../Core/Src/STM32_ILI9341_FSMC_16_Bit/ili9341.c:757:6:lcdDrawImage	24	static
../Core/Src/STM32_ILI9341_FSMC_16_Bit/ili9341.c:768:6:lcdHome	8	static
../Core/Src/STM32_ILI9341_FSMC_16_Bit/ili9341.c:788:6:lcdDrawChar	32	static
../Core/Src/STM32_ILI9341_FSMC_16_Bit/ili9341.c:835:6:lcdPrintf	32	static
../Core/Src/STM32_ILI9341_FSMC_16_Bit/ili9341.c:889:6:lcdSetTextFont	16	static
../Core/Src/STM32_ILI9341_FSMC_16_Bit/ili9341.c:902:6:lcdSetTextColor	16	static
../Core/Src/STM32_ILI9341_FSMC_16_Bit/ili9341.c:915:6:lcdSetTextWrap	16	static
../Core/Src/STM32_ILI9341_FSMC_16_Bit/ili9341.c:920:6:lcdSetOrientation	16	static
../Core/Src/STM32_ILI9341_FSMC_16_Bit/ili9341.c:955:6:lcdSetCursor	16	static
../Core/Src/STM32_ILI9341_FSMC_16_Bit/ili9341.c:972:6:lcdSetWindow	24	static
../Core/Src/STM32_ILI9341_FSMC_16_Bit/ili9341.c:987:6:lcdBacklightOff	8	static
../Core/Src/STM32_ILI9341_FSMC_16_Bit/ili9341.c:992:6:lcdBacklightOn	8	static
../Core/Src/STM32_ILI9341_FSMC_16_Bit/ili9341.c:997:6:lcdInversionOff	8	static
../Core/Src/STM32_ILI9341_FSMC_16_Bit/ili9341.c:1002:6:lcdInversionOn	8	static
../Core/Src/STM32_ILI9341_FSMC_16_Bit/ili9341.c:1007:6:lcdDisplayOff	8	static
../Core/Src/STM32_ILI9341_FSMC_16_Bit/ili9341.c:1013:6:lcdDisplayOn	8	static
../Core/Src/STM32_ILI9341_FSMC_16_Bit/ili9341.c:1019:6:lcdTearingOff	8	static
../Core/Src/STM32_ILI9341_FSMC_16_Bit/ili9341.c:1024:6:lcdTearingOn	16	static
../Core/Src/STM32_ILI9341_FSMC_16_Bit/ili9341.c:1030:10:lcdGetWidth	4	static
../Core/Src/STM32_ILI9341_FSMC_16_Bit/ili9341.c:1035:10:lcdGetHeight	4	static
../Core/Src/STM32_ILI9341_FSMC_16_Bit/ili9341.c:1040:10:lcdGetControllerID	16	static
../Core/Src/STM32_ILI9341_FSMC_16_Bit/ili9341.c:1051:23:lcdGetOrientation	4	static
../Core/Src/STM32_ILI9341_FSMC_16_Bit/ili9341.c:1056:8:lcdGetTextFont	4	static
../Core/Src/STM32_ILI9341_FSMC_16_Bit/ili9341.c:1061:22:lcdGetProperties	24	static
../Core/Src/STM32_ILI9341_FSMC_16_Bit/ili9341.c:1074:10:lcdReadPixel	24	static
../Core/Src/STM32_ILI9341_FSMC_16_Bit/ili9341.c:1098:10:lcdColor565	16	static
../Core/Src/STM32_ILI9341_FSMC_16_Bit/ili9341.c:1105:13:lcdDrawPixels	32	static
../Core/Src/STM32_ILI9341_FSMC_16_Bit/ili9341.c:1118:13:lcdReset	8	static
../Core/Src/STM32_ILI9341_FSMC_16_Bit/ili9341.c:1125:13:lcdWriteCommand	16	static
../Core/Src/STM32_ILI9341_FSMC_16_Bit/ili9341.c:1131:13:lcdWriteData	16	static
../Core/Src/STM32_ILI9341_FSMC_16_Bit/ili9341.c:1136:23:lcdReadData	4	static
../Core/Src/STM32_ILI9341_FSMC_16_Bit/ili9341.c:1141:22:lcdBuildMemoryAccessControlConfig	24	static
../Core/Src/STM32_ILI9341_FSMC_16_Bit/ili9341.c:1160:17:TSC2046_SendCommand	24	static
../Core/Src/STM32_ILI9341_FSMC_16_Bit/ili9341.c:1175:17:TSC2046_getRaw_X	8	static
../Core/Src/STM32_ILI9341_FSMC_16_Bit/ili9341.c:1179:17:TSC2046_getRaw_Y	8	static
../Core/Src/STM32_ILI9341_FSMC_16_Bit/ili9341.c:1188:13:TSC2046_TL_point	8	static
../Core/Src/STM32_ILI9341_FSMC_16_Bit/ili9341.c:1195:13:TSC2046_BR_point	8	static
../Core/Src/STM32_ILI9341_FSMC_16_Bit/ili9341.c:1203:13:TSC2046_GetRawTouch	8	static
../Core/Src/STM32_ILI9341_FSMC_16_Bit/ili9341.c:1241:13:TSC2046_GetData	16	static
../Core/Src/STM32_ILI9341_FSMC_16_Bit/ili9341.c:1261:6:touchCalibrate	16	static
../Core/Src/STM32_ILI9341_FSMC_16_Bit/ili9341.c:1317:6:touchGetCalibrationParameters	24	static
../Core/Src/STM32_ILI9341_FSMC_16_Bit/ili9341.c:1324:6:touchSetCalibrationParameters	24	static
../Core/Src/STM32_ILI9341_FSMC_16_Bit/ili9341.c:1331:6:touchIsPressed	16	static
../Core/Src/STM32_ILI9341_FSMC_16_Bit/ili9341.c:1353:6:touchPrintCoordinates	40	static
