../Core/Src/main.c:110:5:main	8	static
../Core/Src/main.c:206:6:SystemClock_Config	88	static
../Core/Src/main.c:254:13:MX_ADC1_Init	24	static
../Core/Src/main.c:306:13:MX_CAN1_Init	8	static
../Core/Src/main.c:343:13:MX_DCMI_Init	8	static
../Core/Src/main.c:376:13:MX_I2C1_Init	8	static
../Core/Src/main.c:410:13:MX_RTC_Init	8	static
../Core/Src/main.c:445:13:MX_SPI2_Init	8	static
../Core/Src/main.c:483:13:MX_TIM1_Init	56	static
../Core/Src/main.c:533:13:MX_TIM3_Init	56	static
../Core/Src/main.c:582:13:MX_TIM4_Init	56	static
../Core/Src/main.c:631:13:MX_UART5_Init	8	static
../Core/Src/main.c:664:13:MX_GPIO_Init	56	static
../Core/Src/main.c:770:13:MX_FSMC_Init	40	static
../Core/Src/main.c:823:6:demoLCD	32	static
../Core/Src/main.c:916:15:testFillScreen	16	static
../Core/Src/main.c:955:15:testText	16	static
../Core/Src/main.c:986:15:testLines	64	static
../Core/Src/main.c:1046:15:testFastLines	40	static
../Core/Src/main.c:1059:15:testRects	56	static
../Core/Src/main.c:1078:15:testFilledRects	64	static
../Core/Src/main.c:1101:15:testFilledCircles	40	static
../Core/Src/main.c:1119:15:testCircles	40	static
../Core/Src/main.c:1140:15:testTriangles	72	static
../Core/Src/main.c:1161:15:testFilledTriangles	72	static
../Core/Src/main.c:1179:15:testRoundRects	64	static
../Core/Src/main.c:1198:15:testFilledRoundRects	64	static
../Core/Src/main.c:1216:15:testDrawImage	16	static
../Core/Src/main.c:1242:6:HAL_TIM_PeriodElapsedCallback	16	static
../Core/Src/main.c:1259:6:Error_Handler	4	static,ignoring_inline_asm
