../Core/Src/stm32f4xx_hal_msp.c:64:6:HAL_MspInit	16	static
../Core/Src/stm32f4xx_hal_msp.c:86:6:HAL_ADC_MspInit	48	static
../Core/Src/stm32f4xx_hal_msp.c:127:6:HAL_ADC_MspDeInit	16	static
../Core/Src/stm32f4xx_hal_msp.c:159:6:HAL_CAN_MspInit	48	static
../Core/Src/stm32f4xx_hal_msp.c:195:6:HAL_CAN_MspDeInit	16	static
../Core/Src/stm32f4xx_hal_msp.c:224:6:HAL_DCMI_MspInit	56	static
../Core/Src/stm32f4xx_hal_msp.c:293:6:HAL_DCMI_MspDeInit	16	static
../Core/Src/stm32f4xx_hal_msp.c:337:6:HAL_I2C_MspInit	48	static
../Core/Src/stm32f4xx_hal_msp.c:373:6:HAL_I2C_MspDeInit	16	static
../Core/Src/stm32f4xx_hal_msp.c:404:6:HAL_RTC_MspInit	32	static
../Core/Src/stm32f4xx_hal_msp.c:437:6:HAL_RTC_MspDeInit	16	static
../Core/Src/stm32f4xx_hal_msp.c:459:6:HAL_SPI_MspInit	48	static
../Core/Src/stm32f4xx_hal_msp.c:504:6:HAL_SPI_MspDeInit	16	static
../Core/Src/stm32f4xx_hal_msp.c:536:6:HAL_TIM_Encoder_MspInit	64	static
../Core/Src/stm32f4xx_hal_msp.c:620:6:HAL_TIM_Encoder_MspDeInit	16	static
../Core/Src/stm32f4xx_hal_msp.c:685:6:HAL_UART_MspInit	48	static
../Core/Src/stm32f4xx_hal_msp.c:729:6:HAL_UART_MspDeInit	16	static
../Core/Src/stm32f4xx_hal_msp.c:756:13:HAL_FSMC_MspInit	32	static
../Core/Src/stm32f4xx_hal_msp.c:814:6:HAL_SRAM_MspInit	16	static
../Core/Src/stm32f4xx_hal_msp.c:826:13:HAL_FSMC_MspDeInit	8	static
../Core/Src/stm32f4xx_hal_msp.c:872:6:HAL_SRAM_MspDeInit	16	static
